// Jest Snapshot v1, https://goo.gl/fbAQLP

exports[`My first snapshot test testing app 1`] = `
<div
  className="container"
>
  <div
    className="row"
  >
    <div
      className="col-sm-7 offset-sm-2"
    >
      <span
        className="title"
      >
        Contact List
      </span>
      <br />
      <br />
      <div>
        <div
          className="input-group "
        >
          <input
            className="form-control"
            onChange={[Function]}
            placeholder="Search for a contact"
            type="search"
          />
          <button
            className="btn btn-default"
            type="button"
          >
            <i
              className="fa fa-search"
            />
          </button>
        </div>
        <br />
        <ul
          className="list-group"
        />
      </div>
    </div>
  </div>
</div>
`;
